<html>
<body>
<pre>
<h1>µVision Build Log</h1>
<h2>Tool Versions:</h2>
IDE-Version: µVision V5.17.0.0
Copyright (C) 2015 ARM Ltd and ARM Germany GmbH. All rights reserved.
License Information: TRUONG DEPTRAI, TRUONGDEPTRAI, LIC=03CWF-68VPY-PZBWB-2IHG3-BBKK4-16ESA
 
Tool Versions:
Toolchain:       MDK-ARM Standard  Version: 5.17
Toolchain Path:  D:\ProgramFile\armkeilc\ARM\ARMCC\Bin
C Compiler:      Armcc.exe V5.06 update 1 (build 61)
Assembler:       Armasm.exe V5.06 update 1 (build 61)
Linker/Locator:  ArmLink.exe V5.06 update 1 (build 61)
Library Manager: ArmAr.exe V5.06 update 1 (build 61)
Hex Converter:   FromElf.exe V5.06 update 1 (build 61)
CPU DLL:         SARMCM3.DLL V5.17
Dialog DLL:      DCM.DLL V1.13.4.0
Target DLL:      STLink\ST-LINKIII-KEIL_SWO.dll V2.0.18.0
Dialog DLL:      TCM.DLL V1.14.6.0
 
<h2>Project:</h2>
D:\ProgramFile\stm32\Jan_3_first_project\MDK-ARM\Jan_3_first_project.uvprojx
Project File Date:  02/06/2019

<h2>Output:</h2>
*** Using Compiler 'V5.06 update 1 (build 61)', folder: 'D:\ProgramFile\armkeilc\ARM\ARMCC\Bin'
Build target 'Jan_3_first_project'
compiling stm32f1xx_hal_gpio.c...
compiling stm32f1xx_hal_tim_ex.c...
compiling stm32f1xx_hal_pwr.c...
compiling stm32f1xx_hal_gpio_ex.c...
compiling stm32f1xx_hal_tim.c...
compiling stm32f1xx_hal_flash_ex.c...
compiling stm32f1xx_hal_cortex.c...
compiling stm32f1xx_hal_rcc_ex.c...
compiling stm32f1xx_hal_rcc.c...
compiling stm32f1xx_hal_dma.c...
compiling stm32f1xx_hal.c...
compiling stm32f1xx_hal_flash.c...
assembling startup_stm32f103xb.s...
compiling stm32f1xx_hal_uart.c...
compiling main.c...
../Src/main.c(137): warning:  #188-D: enumerated type mixed with another type
  	HAL_GPIO_WritePin(
PIOC,  
PIO_PIN_13,1);
../Src/main.c: 1 warning, 0 errors
compiling stm32f1xx_it.c...
compiling stm32f1xx_hal_msp.c...
compiling system_stm32f1xx.c...
linking...
Program Size: Code=5228 RO-data=292 RW-data=40 ZI-data=1600  
"Jan_3_first_project\Jan_3_first_project.axf" - 0 Error(s), 1 Warning(s).

<h2>Software Packages used:</h2>

Package Vendor: ARM
                http://www.keil.com/pack/ARM.CMSIS.4.5.0.pack
                ARM::CMSIS:CORE:4.3.0
                CMSIS (Cortex Microcontroller Software Interface Standard)
   * Component: CORE Version: 4.3.0

<h2>Collection of Component include folders:</h2>
  D:\ProgramFile\stm32\Jan_3_first_project\MDK-ARM\RTE
  D:\ProgramFile\armkeilc\ARM\PACK\ARM\CMSIS\4.5.0\CMSIS\Include
  D:\ProgramFile\armkeilc\ARM\PACK\Keil\STM32F1xx_DFP\2.1.0\Device\Include

<h2>Collection of Component Files used:</h2>

   * Component: ARM::CMSIS:CORE:4.3.0
Build Time Elapsed:  00:00:50
</pre>
</body>
</html>
